Content-Type: text/plain; charset=utf-8
X-Powered-By: CppCMS/2.0.0.beta2

CONTENT_LENGTH:0
GATEWAY_INTERFACE:CGI/1.0
PATH_INFO:
REMOTE_ADDR:
REMOTE_HOST:
REQUEST_METHOD:GET
SCRIPT_NAME:/test
SERVER_NAME:127.0.0.1
SERVER_PORT:8080
SERVER_PROTOCOL:HTTP/1.0
SERVER_SOFTWARE:CppCMS/2.0.0.beta2
TEST:12345678901234567890123456789012345678901234567890123456789012345678901234567890123456789012345678901234567890123456789012345678901234567890123456789012345678901234567890123456789012345678901234567890123456789012345678901234567890123456789012345678901234567890123456789012345678901234567890123456789012345678901234567890

