HTTP/1.0 200 Ok
Content-Type: text/plain; charset=utf-8
X-Powered-By: CppCMS/2.0.0.beta2
Server: CppCMS-Embedded/2.0.0.beta2
Connection: close

GATEWAY_INTERFACE:CGI/1.0
HTTP_ACCEPT_ENCODING:gzip
PATH_INFO:
REMOTE_ADDR:127.0.0.1
REMOTE_HOST:127.0.0.1
REQUEST_METHOD:GET
SCRIPT_NAME:/test
SERVER_NAME:127.0.0.1
SERVER_PORT:8080
SERVER_PROTOCOL:HTTP/1.0
SERVER_SOFTWARE:CppCMS/2.0.0.beta2

